pratik@KPI-PratikTrainee:~$ vi add2.sh
pratik@KPI-PratikTrainee:~$ sh add2.sh
enter num1:
633
enter num2:
4324
sum is:4957
pratik@KPI-PratikTrainee:~$ printf "$((5 / 2))"
2pratik@KPI-PratikTrainee:~$ printf %.10f\\n "$((5 / 2))e-9"
0.0000000020
pratik@KPI-PratikTrainee:~$ printf %.2f\\n "$((5 / 2))e-9"
0.00
pratik@KPI-PratikTrainee:~$ printf %.2f\\n "$((5 / 2))e-2"
0.02
pratik@KPI-PratikTrainee:~$ printf %.2f\\n "$((5 / 2))e-1"
0.20
pratik@KPI-PratikTrainee:~$ printf %.2f\\n "$((5 / 2))e"
-bash: printf: 2e: invalid number
2.00
pratik@KPI-PratikTrainee:~$ printf %.2f\\n "$((5 / 2))e-.05"
-bash: printf: 2e-.05: invalid number
2.00
pratik@KPI-PratikTrainee:~$ printf %.2f\\n "$((5 / 2))e-05"
0.00
pratik@KPI-PratikTrainee:~$ printf %.2f\\n "$((5 / 2))e-5"
0.00
pratik@KPI-PratikTrainee:~$ printf %.2f\\n "$((5 / 2))e-2"
0.02
pratik@KPI-PratikTrainee:~$ printf %.2f\\n "$((5/2))e-2"
0.02
pratik@KPI-PratikTrainee:~$ printf %.2f\\n "$((5/2))e-9"
0.00
pratik@KPI-PratikTrainee:~$ printf %.2f\\n "$((5 / 2))e-9"
0.00
pratik@KPI-PratikTrainee:~$ printf %.10f\\n "$((5 / 2))e-9"
0.0000000020
pratik@KPI-PratikTrainee:~$ printf %.10f\\n "$((5 / 2))e-9"
0.0000000020
pratik@KPI-PratikTrainee:~$ ls -l
total 0
-rw-r--r-- 1 pratik pratik  36 Nov 19 10:48 add.sh
-rw-r--r-- 1 pratik pratik 104 Nov 19 11:16 add2.sh
drwxr-xr-x 1 pratik pratik 512 Nov 18 16:37 dir1
-rw-r--r-- 1 pratik pratik  16 Nov 19 08:58 file.txt
-rw-r--r-- 1 pratik pratik  20 Nov 18 14:12 oldfile.txt
-rw-r--r-- 1 pratik pratik  91 Nov 19 10:27 sample.sh
-rw-r--r-- 1 pratik pratik  22 Nov 19 10:30 sample.txt
-rw-r--r-- 1 pratik pratik   1 Nov 19 10:37 smaple.txt
pratik@KPI-PratikTrainee:~$ cat sample.txt

this is my unix file
pratik@KPI-PratikTrainee:~$ vi sample.txt
pratik@KPI-PratikTrainee:~$ cat sample.txt

this is my unix file
this is my new file
pratik@KPI-PratikTrainee:~$ vi sample.txt
pratik@KPI-PratikTrainee:~$ cat sample.txt

this is my unix file
this is my new file
this is my third file
pratik@KPI-PratikTrainee:~$ awk '{print $1,$3}' sample.txt

this my
this my
this my
pratik@KPI-PratikTrainee:~$ awk '{print $4}' sample.txt

unix
new
third
pratik@KPI-PratikTrainee:~$ vi condition.sh
pratik@KPI-PratikTrainee:~$ sh condition.sh
enter num1:
34
condition.sh: 4: [34: not found
Your number is greater than 50
pratik@KPI-PratikTrainee:~$ vi condition.sh
pratik@KPI-PratikTrainee:~$ sh condition.sh
enter num1:
348
condition.sh: 4: [348: not found
Your number is less than 50
pratik@KPI-PratikTrainee:~$ vi condition.sh
pratik@KPI-PratikTrainee:~$ sh condition.sh
enter num1:
782
condition.sh: 4: Syntax error: "(" unexpected (expecting ")")
pratik@KPI-PratikTrainee:~$ vi condition.sh
pratik@KPI-PratikTrainee:~$ sh condition.sh
enter num1:
48
condition.sh: 4: Syntax error: word unexpected (expecting ")")
pratik@KPI-PratikTrainee:~$ vi condition.sh
pratik@KPI-PratikTrainee:~$ sh condition.sh
enter num1:
47
condition.sh: 4: Syntax error: word unexpected (expecting ")")
pratik@KPI-PratikTrainee:~$ vi condition.sh
pratik@KPI-PratikTrainee:~$ sh condition.sh
enter num1:
46
condition.sh: 4: Syntax error: word unexpected (expecting ")")
pratik@KPI-PratikTrainee:~$ vi condition.sh
pratik@KPI-PratikTrainee:~$ sh condition.sh
enter num1:
35
condition.sh: 4: Syntax error: word unexpected (expecting ")")
pratik@KPI-PratikTrainee:~$ vi condition.sh
pratik@KPI-PratikTrainee:~$ sh condition.sh
enter num1:
24
condition.sh: 4: Syntax error: word unexpected (expecting ")")
pratik@KPI-PratikTrainee:~$ vi condition.sh
pratik@KPI-PratikTrainee:~$ sh condition.sh
enter num1:
35
condition.sh: 4: Syntax error: word unexpected (expecting ")")
pratik@KPI-PratikTrainee:~$ vi condition.sh
pratik@KPI-PratikTrainee:~$ sh condition.sh
enter num1:
45
condition.sh: 4: [: missing ]
Your number is less than 50
pratik@KPI-PratikTrainee:~$ vi condition.sh
pratik@KPI-PratikTrainee:~$ sh condition.sh
enter num1:
45
condition.sh: 4: [: missing ]
Your number is less than 50
pratik@KPI-PratikTrainee:~$ vi condition.sh
pratik@KPI-PratikTrainee:~$ sh condition.sh
enter num1:
989
condition.sh: 4: [: missing ]
condition.sh: 4: 989: not found
Your number is less than 50
pratik@KPI-PratikTrainee:~$ vi condition.sh
pratik@KPI-PratikTrainee:~$ sh condition.sh
enter num1:
23
Your number is less than 50
pratik@KPI-PratikTrainee:~$ vi condition.sh
pratik@KPI-PratikTrainee:~$ sh condition.sh
enter num1:
9
Your number is less than 15
pratik@KPI-PratikTrainee:~$ cat condition.sh
#!bin/bash
echo "enter num1:"
read n1
if [  $n1 -lt 15 ]  &&  [ $n1 -eq 15  ]
then
        echo "Your number is greater than 15"
else
        echo "Your number is less than 15"
fi
pratik@KPI-PratikTrainee:~$ vi condition.sh
pratik@KPI-PratikTrainee:~$ sh condition.sh
enter num1:
9
condition.sh: 4: [: Illegal number: 9%2
Your number is less than 15
pratik@KPI-PratikTrainee:~$ vi condition.sh
pratik@KPI-PratikTrainee:~$ sh condition.sh
enter num1:
7
condition.sh: 4: [: 7: unexpected operator
Your number is less than 15
pratik@KPI-PratikTrainee:~$ vi condition.sh
pratik@KPI-PratikTrainee:~$ sh condition.sh
enter num1:
34
condition.sh: 4: [: 34: unexpected operator
Your number is odd
pratik@KPI-PratikTrainee:~$ cat condition.sh
#!bin/bash
echo "enter num1:"
read n1
if [ $n1 % 2 -eq 0  ]
then
        echo "Your number is even"
else
        echo "Your number is odd"
fi
pratik@KPI-PratikTrainee:~$ vi condition.sh
pratik@KPI-PratikTrainee:~$ sh condition.sh
enter num1:
23
condition.sh: 4: [[: not found
Your number is odd
pratik@KPI-PratikTrainee:~$ vi condition.sh
pratik@KPI-PratikTrainee:~$ sh condition.sh
enter num1:
23
condition.sh: 4: [[: not found
Your number is odd
pratik@KPI-PratikTrainee:~$ vi condition.sh
pratik@KPI-PratikTrainee:~$ sh condition.sh
enter num1:
9
condition.sh: 4: [: 9: unexpected operator
Your number is odd
pratik@KPI-PratikTrainee:~$ vi condition.sh
pratik@KPI-PratikTrainee:~$ sh condition.sh
enter num1:
3
condition.sh: 4: Syntax error: "(" unexpected (expecting ")")
pratik@KPI-PratikTrainee:~$ vi condition.sh
pratik@KPI-PratikTrainee:~$ sh condition.sh
enter num1:
24
condition.sh: 4: Syntax error: word unexpected (expecting ")")
pratik@KPI-PratikTrainee:~$ vi condition.sh
pratik@KPI-PratikTrainee:~$ sh condition.sh
enter num1:
34
condition.sh: 4: Syntax error: word unexpected (expecting ")")
pratik@KPI-PratikTrainee:~$ vi condition.sh
pratik@KPI-PratikTrainee:~$ sh condition.sh
enter num1:
43
condition.sh: 4: Syntax error: word unexpected (expecting ")")
pratik@KPI-PratikTrainee:~$ vi condition.sh
pratik@KPI-PratikTrainee:~$ sh condition.sh
enter num1:
34
condition.sh: 4: [: 0: unexpected operator
Your number is odd
pratik@KPI-PratikTrainee:~$ vi condition.sh
pratik@KPI-PratikTrainee:~$ sh condition.sh
enter num1:
423
Your number is odd
pratik@KPI-PratikTrainee:~$ cat condiiton.sh
cat: condiiton.sh: No such file or directory
pratik@KPI-PratikTrainee:~$ cat condition.sh
#!bin/bash
echo "enter num1:"
read n1
if [  $((n1 % 2)) -eq 0 ]
then
        echo "Your number is even"
else
        echo "Your number is odd"
fi
pratik@KPI-PratikTrainee:~$ vi loop.sh
pratik@KPI-PratikTrainee:~$ sh loop.sh
loop.sh: 2: Syntax error: Bad for loop variable
pratik@KPI-PratikTrainee:~$ vi loop.sh
pratik@KPI-PratikTrainee:~$ sh loop.sh
loop.sh: 2: Syntax error: "(" unexpected
pratik@KPI-PratikTrainee:~$ vi loop.sh
pratik@KPI-PratikTrainee:~$ sh loop.sh
loop.sh: 2: Syntax error: word unexpected (expecting "do")
pratik@KPI-PratikTrainee:~$ vi loop.sh
pratik@KPI-PratikTrainee:~$ sh loop.sh
loop.sh: 2: Syntax error: word unexpected (expecting "do")
pratik@KPI-PratikTrainee:~$ vi loop.sh
pratik@KPI-PratikTrainee:~$ sh loop.sh
{1..9}
pratik@KPI-PratikTrainee:~$ vi loop.sh
pratik@KPI-PratikTrainee:~$ sh loop.sh
{1..9..2}
pratik@KPI-PratikTrainee:~$ vi loop.sh
pratik@KPI-PratikTrainee:~$ sh loop.sh
1
2
3
4
5
pratik@KPI-PratikTrainee:~$ vi loop.sh
pratik@KPI-PratikTrainee:~$ sh loop.sh
loop.sh: 2: Syntax error: "(" unexpected
pratik@KPI-PratikTrainee:~$ vi loop.sh
pratik@KPI-PratikTrainee:~$ sh loop.sh
loop.sh: 2: Syntax error: "(" unexpected
pratik@KPI-PratikTrainee:~$ vi loop.sh
pratik@KPI-PratikTrainee:~$ sh loop.sh
{1..9}
pratik@KPI-PratikTrainee:~$ vi loop.sh
pratik@KPI-PratikTrainee:~$ sh loop.sh
{1..9..1++}
pratik@KPI-PratikTrainee:~$ vi loop.sh
pratik@KPI-PratikTrainee:~$ sh loop.sh
: {1..9..1++}
pratik@KPI-PratikTrainee:~$ vi loop.sh
pratik@KPI-PratikTrainee:~$ sh loop.sh
items: {1..9..2}
pratik@KPI-PratikTrainee:~$ vi loop.sh
pratik@KPI-PratikTrainee:~$ sh loop.sh
{1..9..2}
pratik@KPI-PratikTrainee:~$ vi loop.sh
pratik@KPI-PratikTrainee:~$ sh loop.sh
loop.sh: 2: Syntax error: Bad for loop variable
pratik@KPI-PratikTrainee:~$ vi loop.sh
pratik@KPI-PratikTrainee:~$ sh loop.sh
loop.sh: 2: Syntax error: Bad for loop variable
pratik@KPI-PratikTrainee:~$ vi loop.sh
pratik@KPI-PratikTrainee:~$ sh loop.sh
loop.sh: 2: Syntax error: Bad for loop variable
pratik@KPI-PratikTrainee:~$ vi loop.sh
pratik@KPI-PratikTrainee:~$ sh loop.sh
loop.sh: 2: Syntax error: Bad for loop variable
pratik@KPI-PratikTrainee:~$ vi loop.sh
pratik@KPI-PratikTrainee:~$ sh loop.sh
this
is
a
file
pratik@KPI-PratikTrainee:~$ vi loop.sh
pratik@KPI-PratikTrainee:~$ cat loop.sh
#!/bin/bash
string='this is a file'
for n in $string
do
        echo $n
done

pratik@KPI-PratikTrainee:~$ cat condition.sh
#!bin/bash
echo "enter num1:"
read n1
if [  $((n1 % 2)) -eq 0 ]
then
        echo "Your number is even"
else
        echo "Your number is odd"
fi
pratik@KPI-PratikTrainee:~$
